              cudaEventSynchronize        88.43%      11.043ms        88.43%      11.043ms      55.214us       0.000us         0.00%       0.000us       0.000us           200  
                     cudaHostAlloc         0.16%      19.500us         0.16%      19.500us      19.500us       0.000us         0.00%       0.000us       0.000us             1  
          cudaEventRecordWithFlags         0.50%      62.010us         0.50%      62.010us       0.620us       0.000us         0.00%       0.000us       0.000us           100  
             cudaDeviceSynchronize         0.09%      11.790us         0.09%      11.790us      11.790us       0.000us         0.00%       0.000us       0.000us             1  
----------------------------------  ------------  ------------  ------------  ------------  ------------  ------------  ------------  ------------  ------------  ------------  
Self CPU time total: 12.487ms
Self CUDA time total: 1.527ms

--> 5
----------------------------------  ------------  ------------  ------------  ------------  ------------  ------------  ------------  ------------  ------------  ------------  
                              Name    Self CPU %      Self CPU   CPU total %     CPU total  CPU time avg     Self CUDA   Self CUDA %    CUDA total  CUDA time avg    # of Calls  
----------------------------------  ------------  ------------  ------------  ------------  ------------  ------------  ------------  ------------  ------------  ------------  
                     cudaHostAlloc        17.75%     770.241us        17.75%     770.241us       7.702us       0.000us         0.00%       0.000us       0.000us           100  
           Activity Buffer Request        17.44%     756.551us        17.44%     756.551us     756.551us       0.000us         0.00%       0.000us       0.000us             1  
             cudaStreamIsCapturing         1.06%      46.140us         1.06%      46.140us       0.461us       0.000us         0.00%       0.000us       0.000us           100  
                   cudaMemcpyAsync        43.82%       1.901ms        43.82%       1.901ms      19.013us       0.000us         0.00%       0.000us       0.000us           100  
    Memcpy DtoH (Device -> Pinned)         0.00%       0.000us         0.00%       0.000us       0.000us     243.228us       100.00%     243.228us       2.432us           100  
                   cudaEventRecord         4.33%     187.750us         4.33%     187.750us       0.939us       0.000us         0.00%       0.000us       0.000us           200  
              cudaEventSynchronize        14.68%     637.031us        14.68%     637.031us       3.185us       0.000us         0.00%       0.000us       0.000us           200  
             cudaDeviceSynchronize         0.93%      40.230us         0.93%      40.230us      40.230us       0.000us         0.00%       0.000us       0.000us             1  
----------------------------------  ------------  ------------  ------------  ------------  ------------  ------------  ------------  ------------  ------------  ------------  
Self CPU time total: 4.339ms
Self CUDA time total: 243.228us

----------------------------------  ------------  ------------  ------------  ------------  ------------  ------------  ------------  ------------  ------------  ------------  
                              Name    Self CPU %      Self CPU   CPU total %     CPU total  CPU time avg     Self CUDA   Self CUDA %    CUDA total  CUDA time avg    # of Calls  
----------------------------------  ------------  ------------  ------------  ------------  ------------  ------------  ------------  ------------  ------------  ------------  
                    cudaEventQuery         8.81%     253.240us         8.81%     253.240us       2.532us       0.000us         0.00%       0.000us       0.000us           100  
           Activity Buffer Request        10.58%     304.200us        10.58%     304.200us     304.200us       0.000us         0.00%       0.000us       0.000us             1  
             cudaStreamIsCapturing         2.57%      73.980us         2.57%      73.980us       0.370us       0.000us         0.00%       0.000us       0.000us           200  
                   cudaMemcpyAsync        37.51%       1.079ms        37.51%       1.079ms      10.787us       0.000us         0.00%       0.000us       0.000us           100  
    Memcpy DtoH (Device -> Pinned)         0.00%       0.000us         0.00%       0.000us       0.000us     246.269us       100.00%     246.269us       2.463us           100  
                   cudaEventRecord        12.95%     372.490us        12.95%     372.490us       1.862us       0.000us         0.00%       0.000us       0.000us           200  
              cudaEventSynchronize        22.66%     651.440us        22.66%     651.440us       3.257us       0.000us         0.00%       0.000us       0.000us           200  
                     cudaHostAlloc         0.96%      27.521us         0.96%      27.521us      27.521us       0.000us         0.00%       0.000us       0.000us             1  
          cudaEventRecordWithFlags         2.47%      71.040us         2.47%      71.040us       0.710us       0.000us         0.00%       0.000us       0.000us           100  
             cudaDeviceSynchronize         1.49%      42.700us         1.49%      42.700us      42.700us       0.000us         0.00%       0.000us       0.000us             1  
----------------------------------  ------------  ------------  ------------  ------------  ------------  ------------  ------------  ------------  ------------  ------------  
Self CPU time total: 2.875ms
Self CUDA time total: 246.269us

--> 7
tensor([[0., 0., 0., 0., 0.],
        [0., 0., 0., 0., 0.],
        [0., 0., 0., 0., 0.],
        [0., -0., 0., -0., -0.],
        [-0., 0., -0., 0., 0.]]) tensor([[0., 0., 0., 0., 0.],
        [0., 0., 0., 0., 0.],
        [0., 0., 0., 0., 0.],
        [0., 0., 0., 0., 0.],
        [0., 0., 0., 0., 0.]])
tensor([[0., 0., 0., 0., 0.],
        [0., 0., 0., 0., 0.],
        [0., 0., 0., 0., 0.],
        [0., -0., 0., -0., -0.],
        [-0., 0., -0., 0., 0.]]) tensor([[0., 0., 0., 0., 0.],
        [0., 0., 0., 0., 0.],
        [0., 0., 0., 0., 0.],
        [0., 0., 0., 0., 0.],
        [0., 0., 0., 0., 0.]])
